\BOOKMARK [1][-]{section.1}{\376\377\000S\000y\000n\000t\000h\000\350\000s\000e\000\040\000e\000x\000\351\000c\000u\000t\000i\000v\000e}{}% 1
\BOOKMARK [1][-]{section.2}{\376\377\000P\000r\000\351\000s\000e\000n\000t\000a\000t\000i\000o\000n\000\040\000d\000e\000\040\000B\000r\000i\000c\000o\000r\000a\000m\000a\000\040\000F\000r\000a\000n\000c\000e}{}% 2
\BOOKMARK [2][-]{subsection.2.1}{\376\377\000I\000d\000e\000n\000t\000i\000t\000\351\000\040\000e\000t\000\040\000a\000c\000t\000i\000v\000i\000t\000\351}{section.2}% 3
\BOOKMARK [2][-]{subsection.2.2}{\376\377\000M\000a\000r\000c\000h\000\351\000\040\000e\000t\000\040\000p\000e\000r\000s\000p\000e\000c\000t\000i\000v\000e\000s}{section.2}% 4
\BOOKMARK [2][-]{subsection.2.3}{\376\377\000G\000r\000a\000p\000h\000i\000q\000u\000e\000\040\000d\000'\000a\000n\000a\000l\000y\000s\000e\000\040\000f\000i\000n\000a\000n\000c\000i\000\350\000r\000e}{section.2}% 5
\BOOKMARK [1][-]{section.3}{\376\377\000A\000n\000a\000l\000y\000s\000e\000\040\000f\000i\000n\000a\000n\000c\000i\000\350\000r\000e\000\040\000h\000i\000s\000t\000o\000r\000i\000q\000u\000e\000\040\000\050\0002\0000\0002\0002\000-\0002\0000\0002\0004\000\051}{}% 6
\BOOKMARK [2][-]{subsection.3.1}{\376\377\000C\000o\000m\000p\000t\000e\000s\000\040\000d\000e\000\040\000r\000\351\000s\000u\000l\000t\000a\000t\000\040\000s\000i\000m\000p\000l\000i\000f\000i\000\351\000s}{section.3}% 7
\BOOKMARK [2][-]{subsection.3.2}{\376\377\000G\000r\000a\000p\000h\000i\000q\000u\000e\000\040\000C\000A\000\040\000e\000t\000\040\000E\000B\000E\000\040\000h\000i\000s\000t\000o\000r\000i\000q\000u\000e}{section.3}% 8
\BOOKMARK [2][-]{subsection.3.3}{\376\377\000B\000i\000l\000a\000n\000s\000\040\000s\000i\000m\000p\000l\000i\000f\000i\000\351\000s}{section.3}% 9
\BOOKMARK [2][-]{subsection.3.4}{\376\377\000C\000a\000l\000c\000u\000l\000\040\000d\000e\000s\000\040\000r\000a\000t\000i\000o\000s}{section.3}% 10
\BOOKMARK [2][-]{subsection.3.5}{\376\377\000G\000r\000a\000p\000h\000i\000q\000u\000e\000\040\000d\000e\000s\000\040\000r\000a\000t\000i\000o\000s\000\040\000d\000e\000\040\000l\000i\000q\000u\000i\000d\000i\000t\000\351}{section.3}% 11
\BOOKMARK [2][-]{subsection.3.6}{\376\377\000R\000a\000t\000i\000o\000s\000\040\000d\000e\000\040\000l\000i\000q\000u\000i\000d\000i\000t\000\351}{section.3}% 12
\BOOKMARK [2][-]{subsection.3.7}{\376\377\000G\000r\000a\000p\000h\000i\000q\000u\000e\000\040\000d\000e\000\040\000c\000a\000p\000a\000c\000i\000t\000\351\000\040\000d\000e\000\040\000r\000e\000m\000b\000o\000u\000r\000s\000e\000m\000e\000n\000t}{section.3}% 13
\BOOKMARK [2][-]{subsection.3.8}{\376\377\000R\000a\000t\000i\000o\000s\000\040\000d\000e\000\040\000v\000u\000l\000n\000\351\000r\000a\000b\000i\000l\000i\000t\000\351\000\040\000f\000i\000n\000a\000n\000c\000i\000\350\000r\000e}{section.3}% 14
\BOOKMARK [1][-]{section.4}{\376\377\000V\000a\000l\000o\000r\000i\000s\000a\000t\000i\000o\000n\000\040\000p\000a\000r\000\040\000l\000a\000\040\000m\000\351\000t\000h\000o\000d\000e\000\040\000d\000e\000s\000\040\000D\000C\000F}{}% 15
\BOOKMARK [2][-]{subsection.4.1}{\376\377\000H\000y\000p\000o\000t\000h\000\350\000s\000e\000s\000\040\000d\000e\000\040\000t\000r\000a\000v\000a\000i\000l}{section.4}% 16
\BOOKMARK [2][-]{subsection.4.2}{\376\377\000C\000a\000l\000c\000u\000l\000\040\000d\000u\000\040\000B\000F\000R\000\040\000n\000o\000r\000m\000a\000t\000i\000f}{section.4}% 17
\BOOKMARK [2][-]{subsection.4.3}{\376\377\000G\000r\000a\000p\000h\000i\000q\000u\000e\000\040\000d\000e\000\040\000p\000r\000o\000j\000e\000c\000t\000i\000o\000n\000\040\000F\000C\000F}{section.4}% 18
\BOOKMARK [2][-]{subsection.4.4}{\376\377\000P\000r\000\351\000v\000i\000s\000i\000o\000n\000n\000e\000l\000\040\000d\000e\000s\000\040\000F\000r\000e\000e\000\040\000C\000a\000s\000h\000\040\000F\000l\000o\000w\000s\000\040\000\050\0002\0000\0002\0005\000-\0002\0000\0002\0009\000\051}{section.4}% 19
\BOOKMARK [2][-]{subsection.4.5}{\376\377\000G\000r\000a\000p\000h\000i\000q\000u\000e\000\040\000d\000e\000\040\000d\000\351\000c\000o\000m\000p\000o\000s\000i\000t\000i\000o\000n\000\040\000d\000e\000\040\000l\000a\000\040\000v\000a\000l\000e\000u\000r}{section.4}% 20
\BOOKMARK [2][-]{subsection.4.6}{\376\377\000V\000a\000l\000e\000u\000r\000\040\000t\000e\000r\000m\000i\000n\000a\000l\000e\000\040\000e\000t\000\040\000v\000a\000l\000e\000u\000r\000\040\000d\000'\000e\000n\000t\000r\000e\000p\000r\000i\000s\000e}{section.4}% 21
\BOOKMARK [2][-]{subsection.4.7}{\376\377\000V\000a\000l\000e\000u\000r\000\040\000d\000e\000s\000\040\000t\000i\000t\000r\000e\000s}{section.4}% 22
\BOOKMARK [1][-]{section.5}{\376\377\000S\000t\000r\000u\000c\000t\000u\000r\000e\000\040\000d\000e\000\040\000f\000i\000n\000a\000n\000c\000e\000m\000e\000n\000t\000\040\000e\000t\000\040\000a\000p\000p\000o\000r\000t\000\040\000e\000n\000\040\000c\000a\000p\000i\000t\000a\000l}{}% 23
\BOOKMARK [2][-]{subsection.5.1}{\376\377\000H\000y\000p\000o\000t\000h\000\350\000s\000e\000s\000\040\000d\000e\000\040\000f\000i\000n\000a\000n\000c\000e\000m\000e\000n\000t}{section.5}% 24
\BOOKMARK [2][-]{subsection.5.2}{\376\377\000C\000a\000p\000a\000c\000i\000t\000\351\000\040\000d\000'\000e\000n\000d\000e\000t\000t\000e\000m\000e\000n\000t}{section.5}% 25
\BOOKMARK [2][-]{subsection.5.3}{\376\377\000C\000a\000s\000\040\0001\000\040\000:\000\040\000E\000n\000d\000e\000t\000t\000e\000m\000e\000n\000t\000\040\000n\000o\000n\000\040\000c\000o\000n\000s\000o\000l\000i\000d\000\351\000\040\000\050\000d\000e\000t\000t\000e\000\040\000h\000o\000l\000d\000i\000n\000g\000\040\000s\000e\000u\000l\000e\000\051}{section.5}% 26
\BOOKMARK [2][-]{subsection.5.4}{\376\377\000C\000a\000s\000\040\0002\000\040\000:\000\040\000E\000n\000d\000e\000t\000t\000e\000m\000e\000n\000t\000\040\000c\000o\000n\000s\000o\000l\000i\000d\000\351\000\040\000\050\000h\000o\000l\000d\000i\000n\000g\000\040\000+\000\040\000c\000i\000b\000l\000e\000\051}{section.5}% 27
\BOOKMARK [2][-]{subsection.5.5}{\376\377\000C\000o\000m\000p\000a\000r\000a\000i\000s\000o\000n\000\040\000d\000e\000s\000\040\000d\000e\000u\000x\000\040\000s\000c\000\351\000n\000a\000r\000i\000o\000s}{section.5}% 28
\BOOKMARK [1][-]{section.6}{\376\377\000B\000u\000d\000g\000e\000t\000\040\000d\000e\000\040\000t\000r\000\351\000s\000o\000r\000e\000r\000i\000e\000\040\000d\000e\000\040\000l\000a\000\040\000h\000o\000l\000d\000i\000n\000g}{}% 29
\BOOKMARK [2][-]{subsection.6.1}{\376\377\000G\000r\000a\000p\000h\000i\000q\000u\000e\000\040\000d\000u\000\040\000b\000u\000d\000g\000e\000t\000\040\000d\000e\000\040\000t\000r\000\351\000s\000o\000r\000e\000r\000i\000e}{section.6}% 30
\BOOKMARK [1][-]{section.7}{\376\377\000P\000a\000r\000t\000i\000e\000\040\000q\000u\000a\000l\000i\000t\000a\000t\000i\000v\000e\000\040\040\023\000\040\000V\000a\000l\000o\000r\000i\000s\000a\000t\000i\000o\000n\000\040\000d\000e\000s\000\040\000c\000o\000m\000p\000\351\000t\000e\000n\000c\000e\000s\000\040\000d\000'\000i\000n\000g\000\351\000n\000i\000e\000u\000r}{}% 31
\BOOKMARK [2][-]{subsection.7.1}{\376\377\000C\000r\000i\000t\000\350\000r\000e\000s\000\040\000d\000e\000\040\000d\000\351\000c\000i\000s\000i\000o\000n\000\040\000p\000o\000u\000r\000\040\000u\000n\000\040\000i\000n\000v\000e\000s\000t\000i\000s\000s\000e\000m\000e\000n\000t\000\040\000s\000i\000g\000n\000i\000f\000i\000c\000a\000t\000i\000f}{section.7}% 32
\BOOKMARK [2][-]{subsection.7.2}{\376\377\000S\000y\000n\000t\000h\000\350\000s\000e\000\040\000d\000e\000s\000\040\000r\000e\000l\000a\000t\000i\000o\000n\000s\000\040\000F\000i\000n\000a\000n\000c\000e\000\040\000/\000\040\000O\000p\000\351\000r\000a\000t\000i\000o\000n\000s}{section.7}% 33
\BOOKMARK [2][-]{subsection.7.3}{\376\377\000A\000p\000p\000o\000r\000t\000\040\000d\000e\000\040\000l\000a\000\040\000c\000o\000m\000p\000r\000\351\000h\000e\000n\000s\000i\000o\000n\000\040\000d\000e\000s\000\040\000p\000r\000i\000n\000c\000i\000p\000e\000s\000\040\000f\000i\000n\000a\000n\000c\000i\000e\000r\000s\000\040\000p\000o\000u\000r\000\040\000u\000n\000\040\000i\000n\000g\000\351\000n\000i\000e\000u\000r}{section.7}% 34
\BOOKMARK [1][-]{Item.9}{\376\377\000C\000o\000n\000c\000l\000u\000s\000i\000o\000n}{}% 35
\BOOKMARK [1][-]{Item.9}{\376\377\000S\000o\000u\000r\000c\000e\000s}{}% 36
